=============================================
 Testing Admin Invite Flow
=============================================

1. Logging in as PLATFORM_ADMIN (admin)...
âo. Login successful. Token received.

2. Inviting a new user (test_invite@onehorizon.com)...
â?O Invite failed: {"error":"Forbidden: insufficient permissions"}
Detail: 

=============================================
 Please check the backend console for the Activation Link.
=============================================
